------------------------------------------------------------
Timing Analyzer Summary
------------------------------------------------------------

Type  : Slow 1100mV 85C Model Setup 'clk'
Slack : -1.544
TNS   : -5.650

Type  : Slow 1100mV 85C Model Hold 'clk'
Slack : 0.675
TNS   : 0.000

Type  : Slow 1100mV 85C Model Minimum Pulse Width 'clk'
Slack : -0.394
TNS   : -6.287

Type  : Slow 1100mV 0C Model Setup 'clk'
Slack : -1.592
TNS   : -5.771

Type  : Slow 1100mV 0C Model Hold 'clk'
Slack : 0.624
TNS   : 0.000

Type  : Slow 1100mV 0C Model Minimum Pulse Width 'clk'
Slack : -0.394
TNS   : -6.832

Type  : Fast 1100mV 85C Model Setup 'clk'
Slack : -0.433
TNS   : -1.446

Type  : Fast 1100mV 85C Model Hold 'clk'
Slack : 0.368
TNS   : 0.000

Type  : Fast 1100mV 85C Model Minimum Pulse Width 'clk'
Slack : -0.080
TNS   : -0.931

Type  : Fast 1100mV 0C Model Setup 'clk'
Slack : -0.348
TNS   : -1.099

Type  : Fast 1100mV 0C Model Hold 'clk'
Slack : 0.339
TNS   : 0.000

Type  : Fast 1100mV 0C Model Minimum Pulse Width 'clk'
Slack : -0.082
TNS   : -0.969

------------------------------------------------------------
